{
    "predictions": [
        {
            "begin": 39,
            "end": 67,
            "ner_chunk": "gestational diabetes mellitus",
            "ner_label": "DIABETES",
            "ner_confidence": "0.96653336",
            "concept_code": "O24.4",
            "resolution": "gestational diabetes mellitus",
            "score": 1.000000238418579,
            "billable_hcc": [
                "",
                "0||0||0",
                "0||0||0",
                "0||0||0",
                ""
            ],
            "all_codes": [
                "O24.4",
                "O24.41",
                "O24.41",
                "O24.41",
                "O24.41"
            ],
            "concept_name_detailed": [
                "",
                "gestational diabetes mellitus (disorder) [gestational diabetes mellitus in pregnancy]",
                "gestational diabetes [gestational diabetes mellitus in pregnancy]",
                "gdm - gestational diabetes mellitus [gestational diabetes mellitus in pregnancy]",
                ""
            ],
            "all_resolutions": [
                "gestational diabetes mellitus",
                "gestational diabetes mellitus (disorder)",
                "gestational diabetes",
                "gdm - gestational diabetes mellitus",
                "gestational diabetes mellitus in pregnancy"
            ],
            "all_score": [
                1.000000238418579,
                0.96370929479599,
                0.9251673817634583,
                0.9209032654762268,
                0.9168061017990112
            ]
        },
        {
            "begin": 117,
            "end": 153,
            "ner_chunk": "subsequent type two diabetes mellitus",
            "ner_label": "PROBLEM",
            "ner_confidence": "0.77357996",
            "concept_code": "E13.9",
            "resolution": "secondary diabetes mellitus",
            "score": 0.8495190143585205,
            "billable_hcc": [
                "1||1||38",
                "1||1||38",
                "0||0||0",
                "1||1||38",
                "1||0||0"
            ],
            "all_codes": [
                "E13.9",
                "E11.9",
                "O24.11",
                "E13.9",
                "Z86.39"
            ],
            "concept_name_detailed": [
                "secondary diabetes mellitus [other specified diabetes mellitus without complications]",
                "diabetes mellitus type 2 [type 2 diabetes mellitus without complications]",
                "pre-existing type 2 diabetes mellitus [pre-existing type 2 diabetes mellitus, in pregnancy]",
                "secondary diabetes mellitus (disorder) [other specified diabetes mellitus without complications]",
                "history of diabetes mellitus type 2 [personal history of other endocrine, nutritional and metabolic disease]"
            ],
            "all_resolutions": [
                "secondary diabetes mellitus",
                "diabetes mellitus type 2",
                "pre-existing type 2 diabetes mellitus",
                "secondary diabetes mellitus (disorder)",
                "history of diabetes mellitus type 2"
            ],
            "all_score": [
                0.8495190143585205,
                0.8261898159980774,
                0.8239021301269531,
                0.8194195032119751,
                0.8158336281776428
            ]
        },
        {
            "begin": 172,
            "end": 189,
            "ner_chunk": "an acute hepatitis",
            "ner_label": "PROBLEM",
            "ner_confidence": "0.9745667",
            "concept_code": "K72.0",
            "resolution": "acute hepatitis",
            "score": 0.9006408452987671,
            "billable_hcc": [
                "0||0||0",
                "",
                "1||0||0",
                "1||0||0",
                "1||0||0"
            ],
            "all_codes": [
                "K72.0",
                "B15",
                "Z03.89",
                "B17.9",
                "Z03.89"
            ],
            "concept_name_detailed": [
                "acute hepatitis [acute and subacute hepatic failure]",
                "",
                "acute hepatitis caused by infection suspected [encounter for observation for other suspected diseases and conditions ruled out]",
                "acute viral hepatitis [acute viral hepatitis, unspecified]",
                "acute hepatitis caused by infection suspected (situation) [encounter for observation for other suspected diseases and conditions ruled out]"
            ],
            "all_resolutions": [
                "acute hepatitis",
                "acute hepatitis a",
                "acute hepatitis caused by infection suspected",
                "acute viral hepatitis",
                "acute hepatitis caused by infection suspected (situation)"
            ],
            "all_score": [
                0.9006408452987671,
                0.8742560744285583,
                0.8741285800933838,
                0.8730586767196655,
                0.8706691861152649
            ]
        },
        {
            "begin": 196,
            "end": 202,
            "ner_chunk": "obesity",
            "ner_label": "OBESITY",
            "ner_confidence": "0.7403",
            "concept_code": "E66.9",
            "resolution": "obesity",
            "score": 0.9999997615814209,
            "billable_hcc": [
                "1||0||0",
                "",
                "1||0||0",
                "1||0||0",
                "0||0||0"
            ],
            "all_codes": [
                "E66.9",
                "E66",
                "E66.9",
                "E66.9",
                "E66.8"
            ],
            "concept_name_detailed": [
                "obesity [obesity, unspecified]",
                "",
                "alimentary obesity [obesity, unspecified]",
                "obesity (disorder) [obesity, unspecified]",
                "abdominal obesity [other obesity]"
            ],
            "all_resolutions": [
                "obesity",
                "overweight and obesity",
                "alimentary obesity",
                "obesity (disorder)",
                "abdominal obesity"
            ],
            "all_score": [
                0.9999997615814209,
                0.889197587966919,
                0.8856316804885864,
                0.8825731873512268,
                0.869437575340271
            ]
        },
        {
            "begin": 209,
            "end": 225,
            "ner_chunk": "a body mass index",
            "ner_label": "PROBLEM",
            "ner_confidence": "0.845925",
            "concept_code": "Z68",
            "resolution": "body mass index [bmi]",
            "score": 0.8708704113960266,
            "billable_hcc": [
                "",
                "1||1||48",
                "1||0||0",
                "1||0||0",
                "1||0||0"
            ],
            "all_codes": [
                "Z68",
                "Z68.41",
                "E66.9",
                "Z68.1",
                "E66.9"
            ],
            "concept_name_detailed": [
                "",
                "finding of body mass index [body mass index [bmi] 40.0-44.9, adult]",
                "observation of body mass index [obesity, unspecified]",
                "finding of body mass index (finding) [body mass index [bmi] 19.9 or less, adult]",
                "increased body mass index [obesity, unspecified]"
            ],
            "all_resolutions": [
                "body mass index [bmi]",
                "finding of body mass index",
                "observation of body mass index",
                "finding of body mass index (finding)",
                "increased body mass index"
            ],
            "all_score": [
                0.8708704113960266,
                0.8615625500679016,
                0.8383896946907043,
                0.828079879283905,
                0.8276997804641724
            ]
        },
        {
            "begin": 285,
            "end": 292,
            "ner_chunk": "polyuria",
            "ner_label": "SYMPTOM",
            "ner_confidence": "0.9766",
            "concept_code": "R35",
            "resolution": "polyuria",
            "score": 1.0000001192092896,
            "billable_hcc": [
                "",
                "0||0||0",
                "",
                "",
                ""
            ],
            "all_codes": [
                "R35",
                "R35",
                "R35.89",
                "R35.8",
                "R35.81"
            ],
            "concept_name_detailed": [
                "",
                "polyuria (finding) [polyuria]",
                "",
                "",
                ""
            ],
            "all_resolutions": [
                "polyuria",
                "polyuria (finding)",
                "other polyuria",
                "other polyuria",
                "nocturnal polyuria"
            ],
            "all_score": [
                1.0000001192092896,
                0.9479261636734009,
                0.9336187243461609,
                0.9336187243461609,
                0.8711941242218018
            ]
        },
        {
            "begin": 295,
            "end": 304,
            "ner_chunk": "polydipsia",
            "ner_label": "SYMPTOM",
            "ner_confidence": "0.9949",
            "concept_code": "R63.1",
            "resolution": "polydipsia",
            "score": 1.000000238418579,
            "billable_hcc": [
                "",
                "1||0||0",
                "1||0||0",
                "1||0||0",
                "0||0||0"
            ],
            "all_codes": [
                "R63.1",
                "E23.2",
                "F63.89",
                "F63.9",
                "O99.89"
            ],
            "concept_name_detailed": [
                "",
                "primary polydipsia [diabetes insipidus]",
                "psychogenic polydipsia [other impulse disorders]",
                "psychogenic polydipsia (disorder) [impulse disorder, unspecified]",
                "polyhydramnios (disorder) [other specified diseases and conditions complicating pregnancy, childbirth and the puerperium]"
            ],
            "all_resolutions": [
                "polydipsia",
                "primary polydipsia",
                "psychogenic polydipsia",
                "psychogenic polydipsia (disorder)",
                "polyhydramnios (disorder)"
            ],
            "all_score": [
                1.000000238418579,
                0.89823979139328,
                0.8386476039886475,
                0.8318060636520386,
                0.7765089869499207
            ]
        },
        {
            "begin": 307,
            "end": 319,
            "ner_chunk": "poor appetite",
            "ner_label": "SYMPTOM",
            "ner_confidence": "0.9269",
            "concept_code": "R63.0",
            "resolution": "poor appetite",
            "score": 1.0000003576278687,
            "billable_hcc": [
                "1||0||0",
                "1||0||0",
                "1||0||0",
                "1||0||0",
                "1||0||0"
            ],
            "all_codes": [
                "R63.0",
                "R63.0",
                "R63.0",
                "R63.0",
                "R63.0"
            ],
            "concept_name_detailed": [
                "poor appetite [anorexia]",
                "lack of appetite [anorexia]",
                "loss of appetite [anorexia]",
                "reduced appetite [anorexia]",
                "decrease in appetite [anorexia]"
            ],
            "all_resolutions": [
                "poor appetite",
                "lack of appetite",
                "loss of appetite",
                "reduced appetite",
                "decrease in appetite"
            ],
            "all_score": [
                1.0000003576278687,
                0.927084743976593,
                0.8898344039916992,
                0.8832584023475647,
                0.8781620264053345
            ]
        },
        {
            "begin": 326,
            "end": 333,
            "ner_chunk": "vomiting",
            "ner_label": "SYMPTOM",
            "ner_confidence": "0.9897",
            "concept_code": "R11.1",
            "resolution": "vomiting",
            "score": 1.0000001192092896,
            "billable_hcc": [
                "",
                "0||0||0",
                "0||0||0",
                "1||0||0",
                "1||0||0"
            ],
            "all_codes": [
                "R11.1",
                "R11",
                "R11",
                "R11.10",
                "K91.0"
            ],
            "concept_name_detailed": [
                "",
                "vomiting (disorder) [nausea and vomiting]",
                "vomiting food [nausea and vomiting]",
                "vomiting symptoms [vomiting, unspecified]",
                "vomiting bile [vomiting following gastrointestinal surgery]"
            ],
            "all_resolutions": [
                "vomiting",
                "vomiting (disorder)",
                "vomiting food",
                "vomiting symptoms",
                "vomiting bile"
            ],
            "all_score": [
                1.0000001192092896,
                0.9199678897857666,
                0.9054355621337891,
                0.8747051358222961,
                0.8656842112541199
            ]
        },
        {
            "begin": 427,
            "end": 455,
            "ner_chunk": "a respiratory tract infection",
            "ner_label": "PROBLEM",
            "ner_confidence": "0.91305006",
            "concept_code": "J98.8",
            "resolution": "respiratory tract infection",
            "score": 0.8786617517471313,
            "billable_hcc": [
                "1||0||0",
                "1||0||0",
                "1||0||0",
                "1||0||0",
                "1||0||0"
            ],
            "all_codes": [
                "J98.8",
                "Z59.3",
                "J98.8",
                "A49.9",
                "J06.9"
            ],
            "concept_name_detailed": [
                "respiratory tract infection [other specified respiratory disorders]",
                "institutionally acquired respiratory infection [problems related to living in residential institution]",
                "respiratory infection, institutional [other specified respiratory disorders]",
                "bacterial respiratory infection [bacterial infection, unspecified]",
                "upper respiratory tract infection [acute upper respiratory infection, unspecified]"
            ],
            "all_resolutions": [
                "respiratory tract infection",
                "institutionally acquired respiratory infection",
                "respiratory infection, institutional",
                "bacterial respiratory infection",
                "upper respiratory tract infection"
            ],
            "all_score": [
                0.8786617517471313,
                0.8161046504974365,
                0.815204381942749,
                0.8124685883522034,
                0.809516429901123
            ]
        },
        {
            "begin": 589,
            "end": 603,
            "ner_chunk": "dry oral mucosa",
            "ner_label": "SYMPTOM",
            "ner_confidence": "0.33243334",
            "concept_code": "J34.89",
            "resolution": "nasal mucosa dry",
            "score": 0.8654690980911255,
            "billable_hcc": [
                "1||0||0",
                "1||0||0",
                "1||0||0",
                "1||0||0",
                "1||0||0"
            ],
            "all_codes": [
                "J34.89",
                "R23.8",
                "R23.8",
                "M35.9",
                "J34.89"
            ],
            "concept_name_detailed": [
                "nasal mucosa dry [other specified disorders of nose and nasal sinuses]",
                "mucosal dryness [other skin changes]",
                "mucous membrane dryness [other skin changes]",
                "dry mouth [systemic involvement of connective tissue, unspecified]",
                "nasal mucosa dry (finding) [other specified disorders of nose and nasal sinuses]"
            ],
            "all_resolutions": [
                "nasal mucosa dry",
                "mucosal dryness",
                "mucous membrane dryness",
                "dry mouth",
                "nasal mucosa dry (finding)"
            ],
            "all_score": [
                0.8654690980911255,
                0.8607349991798401,
                0.8218483924865723,
                0.8208062648773193,
                0.8160486221313477
            ]
        },
        {
            "begin": 666,
            "end": 675,
            "ner_chunk": "tenderness",
            "ner_label": "SYMPTOM",
            "ner_confidence": "0.9829",
            "concept_code": "R52",
            "resolution": "tenderness (finding)",
            "score": 0.927452027797699,
            "billable_hcc": [
                "1||0||0",
                "1||0||0",
                "0||0||0",
                "1||0||0",
                "1||0||0"
            ],
            "all_codes": [
                "R52",
                "R52",
                "M70.6",
                "R52",
                "R52"
            ],
            "concept_name_detailed": [
                "tenderness (finding) [pain, unspecified]",
                "o/e - tenderness [pain, unspecified]",
                "pain and tenderness [trochanteric bursitis]",
                "wound tenderness [pain, unspecified]",
                "tender pain [pain, unspecified]"
            ],
            "all_resolutions": [
                "tenderness (finding)",
                "o/e - tenderness",
                "pain and tenderness",
                "wound tenderness",
                "tender pain"
            ],
            "all_score": [
                0.927452027797699,
                0.8844688534736633,
                0.8771407604217529,
                0.8612029552459717,
                0.8581393957138062
            ]
        },
        {
            "begin": 680,
            "end": 687,
            "ner_chunk": "guarding",
            "ner_label": "SYMPTOM",
            "ner_confidence": "0.9948",
            "concept_code": "M62.83",
            "resolution": "guarding",
            "score": 1.0000003576278687,
            "billable_hcc": [
                "0||0||0",
                "0||0||0",
                "1||0||0",
                "1||0||0",
                "1||0||0"
            ],
            "all_codes": [
                "M62.83",
                "M62.83",
                "R19.30",
                "R19.30",
                "R19.8"
            ],
            "concept_name_detailed": [
                "guarding [muscle spasm]",
                "guarding of muscle [muscle spasm]",
                "abdominal guarding [abdominal rigidity, unspecified site]",
                "guarding of hypogastrium [abdominal rigidity, unspecified site]",
                "guarding of epigastrium [other specified symptoms and signs involving the digestive system and abdomen]"
            ],
            "all_resolutions": [
                "guarding",
                "guarding of muscle",
                "abdominal guarding",
                "guarding of hypogastrium",
                "guarding of epigastrium"
            ],
            "all_score": [
                1.0000003576278687,
                0.8693071603775024,
                0.8310976028442383,
                0.7985761761665344,
                0.7941926717758179
            ]
        },
        {
            "begin": 1030,
            "end": 1039,
            "ner_chunk": "hemolyzing",
            "ner_label": "PROBLEM",
            "ner_confidence": "0.8774",
            "concept_code": "R89.8",
            "resolution": "sample hemolyzed",
            "score": 0.8222695589065552,
            "billable_hcc": [
                "1||0||0",
                "1||0||0",
                "1||0||0",
                "1||0||0",
                "1||0||0"
            ],
            "all_codes": [
                "R89.8",
                "R89.8",
                "O04.6",
                "R89.8",
                "R89.8"
            ],
            "concept_name_detailed": [
                "sample hemolyzed [other abnormal findings in specimens from other organs, systems and tissues]",
                "specimen hemolyzed [other abnormal findings in specimens from other organs, systems and tissues]",
                "hemolysis [delayed or excessive hemorrhage following (induced) termination of pregnancy]",
                "sample grossly hemolyzed [other abnormal findings in specimens from other organs, systems and tissues]",
                "sample slightly hemolyzed [other abnormal findings in specimens from other organs, systems and tissues]"
            ],
            "all_resolutions": [
                "sample hemolyzed",
                "specimen hemolyzed",
                "hemolysis",
                "sample grossly hemolyzed",
                "sample slightly hemolyzed"
            ],
            "all_score": [
                0.8222695589065552,
                0.8130513429641724,
                0.8080596327781677,
                0.7975135445594788,
                0.7946187853813171
            ]
        },
        {
            "begin": 1048,
            "end": 1066,
            "ner_chunk": "significant lipemia",
            "ner_label": "PROBLEM",
            "ner_confidence": "0.94519997",
            "concept_code": "E78.5",
            "resolution": "increased lipid",
            "score": 0.8130338191986084,
            "billable_hcc": [
                "1||0||0",
                "1||0||0",
                "1||0||0",
                "1||0||0",
                "1||0||0"
            ],
            "all_codes": [
                "E78.5",
                "R89.8",
                "R89.8",
                "E78.5",
                "E78.89"
            ],
            "concept_name_detailed": [
                "increased lipid [hyperlipidemia, unspecified]",
                "sample grossly lipemic [other abnormal findings in specimens from other organs, systems and tissues]",
                "sample grossly lipemic (finding) [other abnormal findings in specimens from other organs, systems and tissues]",
                "lipidaemia [hyperlipidemia, unspecified]",
                "increased lipoprotein (finding) [other lipoprotein metabolism disorders]"
            ],
            "all_resolutions": [
                "increased lipid",
                "sample grossly lipemic",
                "sample grossly lipemic (finding)",
                "lipidaemia",
                "increased lipoprotein (finding)"
            ],
            "all_score": [
                0.8130338191986084,
                0.80987948179245,
                0.8070929050445557,
                0.7976476550102234,
                0.7930546998977661
            ]
        },
        {
            "begin": 1108,
            "end": 1125,
            "ner_chunk": "starvation ketosis",
            "ner_label": "DISEASE_SYNDROME_DISORDER",
            "ner_confidence": "0.67155004",
            "concept_code": "E87.2",
            "resolution": "starvation ketoacidosis",
            "score": 0.92220538854599,
            "billable_hcc": [
                "0||0||0",
                "1||1||50",
                "",
                "1||0||0",
                "0||0||0"
            ],
            "all_codes": [
                "E87.2",
                "E88.89",
                "T73.0",
                "E71.0",
                "T73.0"
            ],
            "concept_name_detailed": [
                "starvation ketoacidosis [acidosis]",
                "ketosis [other specified metabolic disorders]",
                "",
                "ketoacidaemia [maple-syrup-urine disease]",
                "starvation (disorder) [starvation]"
            ],
            "all_resolutions": [
                "starvation ketoacidosis",
                "ketosis",
                "starvation",
                "ketoacidaemia",
                "starvation (disorder)"
            ],
            "all_score": [
                0.92220538854599,
                0.8846299052238464,
                0.8247174620628357,
                0.7771415114402771,
                0.772977352142334
            ]
        },
        {
            "begin": 1144,
            "end": 1159,
            "ner_chunk": "poor oral intake",
            "ner_label": "SYMPTOM",
            "ner_confidence": "0.6681333",
            "concept_code": "E63.9",
            "resolution": "inadequate oral intake",
            "score": 0.9611530303955078,
            "billable_hcc": [
                "1||0||0",
                "1||0||0",
                "1||0||0",
                "1||0||0",
                "1||0||0"
            ],
            "all_codes": [
                "E63.9",
                "E63.9",
                "E86.0",
                "R63.8",
                "E63.9"
            ],
            "concept_name_detailed": [
                "inadequate oral intake [nutritional deficiency, unspecified]",
                "inadequate oral intake (finding) [nutritional deficiency, unspecified]",
                "inadequate oral fluid intake [dehydration]",
                "inadequate food intake [other symptoms and signs concerning food and fluid intake]",
                "inadequate oral food intake for physiological needs [nutritional deficiency, unspecified]"
            ],
            "all_resolutions": [
                "inadequate oral intake",
                "inadequate oral intake (finding)",
                "inadequate oral fluid intake",
                "inadequate food intake",
                "inadequate oral food intake for physiological needs"
            ],
            "all_score": [
                0.9611530303955078,
                0.9262039661407471,
                0.9095173478126526,
                0.8977716565132141,
                0.8904776573181152
            ]
        }
    ]
}