{
    "predictions": [
        [
            {
                "begin": 90,
                "end": 93,
                "ner_chunk": "BMI)",
                "ner_label": "Test",
                "ner_confidence": "0.698",
                "concept_code": "39156-5",
                "resolution": "bmi",
                "score": 0.9296668767929077,
                "all_codes": [
                    "39156-5",
                    "LP35925-4",
                    "89270-3",
                    "107102-6",
                    "59574-4"
                ],
                "domain_id": [
                    "",
                    "Observation",
                    "",
                    "",
                    ""
                ],
                "all_resolutions": [
                    "bmi",
                    "body mass index (bmi)",
                    "bmi est",
                    "bmi formula",
                    "bmi prctl"
                ],
                "all_score": [
                    0.9296668767929077,
                    0.8603405356407166,
                    0.8320396542549133,
                    0.8136727213859558,
                    0.8040130138397217
                ]
            },
            {
                "begin": 110,
                "end": 135,
                "ner_chunk": "aspartate aminotransferase",
                "ner_label": "Test",
                "ner_confidence": "0.8905",
                "concept_code": "LP15426-7",
                "resolution": "aspartate aminotransferase",
                "score": 0.9999997615814209,
                "all_codes": [
                    "LP15426-7",
                    "100739-2",
                    "LP307348-5",
                    "LP307326-1",
                    "100739-2"
                ],
                "domain_id": [
                    "Observation",
                    "",
                    "Observation",
                    "Observation",
                    ""
                ],
                "all_resolutions": [
                    "aspartate aminotransferase",
                    "aspartate amino transferase",
                    "aspartate aminotransferase/alanine aminotransferase",
                    "alanine aminotransferase/aspartate aminotransferase",
                    "aspartate transaminase"
                ],
                "all_score": [
                    0.9999997615814209,
                    0.9171650409698486,
                    0.9107993841171265,
                    0.9060167670249939,
                    0.900547981262207
                ]
            },
            {
                "begin": 145,
                "end": 168,
                "ner_chunk": "alanine aminotransferase",
                "ner_label": "Test",
                "ner_confidence": "0.825",
                "concept_code": "LP15333-5",
                "resolution": "alanine aminotransferase",
                "score": 1.0000001192092896,
                "all_codes": [
                    "LP15333-5",
                    "100738-4",
                    "LP307326-1",
                    "LP44699-4",
                    "69383-8"
                ],
                "domain_id": [
                    "Observation",
                    "",
                    "Observation",
                    "Measurement",
                    ""
                ],
                "all_resolutions": [
                    "alanine aminotransferase",
                    "alanine transaminase",
                    "alanine aminotransferase/aspartate aminotransferase",
                    "alanine aminotransferase | bld-ser-plas",
                    "alanine-glyoxylate aminotransferase"
                ],
                "all_score": [
                    1.0000001192092896,
                    0.9021456241607666,
                    0.8973347544670105,
                    0.8892422914505005,
                    0.8878636360168457
                ]
            }
        ],
        [
            {
                "begin": 43,
                "end": 71,
                "ner_chunk": "the peripheral blood specimen",
                "ner_label": "Test",
                "ner_confidence": "0.69299996",
                "concept_code": "LP207787-5",
                "resolution": "blood sampling performed",
                "score": 0.8076969385147095,
                "all_codes": [
                    "LP207787-5",
                    "62360-3",
                    "62361-1",
                    "20584-9",
                    "61124-4"
                ],
                "domain_id": [
                    "Observation",
                    "",
                    "",
                    "",
                    ""
                ],
                "all_resolutions": [
                    "blood sampling performed",
                    "cells analyzed, blood or tissue specimen",
                    "cells counted, blood or tissue specimen",
                    "white blood cell (wbc) count, specimen",
                    "granulocytes/white blood cells, specimen"
                ],
                "all_score": [
                    0.8076969385147095,
                    0.8067417144775391,
                    0.8018451929092407,
                    0.8013224005699158,
                    0.8001503944396973
                ]
            },
            {
                "begin": 77,
                "end": 103,
                "ner_chunk": "a polymerase chain reaction",
                "ner_label": "Test",
                "ner_confidence": "0.73675",
                "concept_code": "100156-9",
                "resolution": "polymerase chain reaction",
                "score": 0.9560186862945557,
                "all_codes": [
                    "100156-9",
                    "LA26418-6",
                    "101291-3",
                    "LA27157-9",
                    "LP435370-4"
                ],
                "domain_id": [
                    "",
                    "Meas Value",
                    "",
                    "Meas Value",
                    "Observation"
                ],
                "all_resolutions": [
                    "polymerase chain reaction",
                    "pcr",
                    "ev-pcr",
                    "methylation-specific real-time polymerase chain reaction (msp)",
                    "rt-pcr"
                ],
                "all_score": [
                    0.9560186862945557,
                    0.8589522838592529,
                    0.817810595035553,
                    0.8010351657867432,
                    0.8000354766845703
                ]
            },
            {
                "begin": 106,
                "end": 121,
                "ner_chunk": "PCR)-based assay",
                "ner_label": "Test",
                "ner_confidence": "0.75715",
                "concept_code": "LA26418-6",
                "resolution": "pcr",
                "score": 0.8697159290313721,
                "all_codes": [
                    "LA26418-6",
                    "100156-9",
                    "101291-3",
                    "LP435370-4",
                    "LA24339-6"
                ],
                "domain_id": [
                    "Meas Value",
                    "",
                    "",
                    "Observation",
                    "Meas Value"
                ],
                "all_resolutions": [
                    "pcr",
                    "polymerase chain reaction",
                    "ev-pcr",
                    "rt-pcr",
                    "molecular genetic testing"
                ],
                "all_score": [
                    0.8697159290313721,
                    0.819524347782135,
                    0.8135446906089783,
                    0.7978248000144958,
                    0.7705069780349731
                ]
            }
        ]
    ]
}