{
    "predictions": [
        [
            {
                "begin": 80,
                "end": 89,
                "ner_chunk": "chest pain",
                "ner_label": "Symptom",
                "ner_confidence": "0.7448",
                "concept_code": "139228007",
                "resolution": "chest pain",
                "score": 0.9999998211860657,
                "all_codes": [
                    "139228007",
                    "29857009",
                    "239671000000106",
                    "426396005",
                    "498151000000109"
                ],
                "domain_class": [
                    "",
                    "",
                    "",
                    "",
                    ""
                ],
                "all_resolutions": [
                    "chest pain",
                    "chest pain",
                    "cardiac chest pain",
                    "cardiac chest pain",
                    "[d]chest pain"
                ],
                "all_score": [
                    0.9999998211860657,
                    0.9999998211860657,
                    0.9261181950569153,
                    0.9261181950569153,
                    0.9083012938499451
                ]
            },
            {
                "begin": 108,
                "end": 115,
                "ner_chunk": "diabetic",
                "ner_label": "Diabetes",
                "ner_confidence": "0.9994",
                "concept_code": "280137006",
                "resolution": "diabetic foot",
                "score": 0.8424345254898071,
                "all_codes": [
                    "280137006",
                    "160670007",
                    "138058003",
                    "385804009",
                    "105452009"
                ],
                "domain_class": [
                    "",
                    "",
                    "",
                    "",
                    ""
                ],
                "all_resolutions": [
                    "diabetic foot",
                    "diabetic diet",
                    "diabetic diet",
                    "diabetic care",
                    "diabetic relative"
                ],
                "all_score": [
                    0.8424345254898071,
                    0.8274565935134888,
                    0.8274565935134888,
                    0.8165045380592346,
                    0.8113397359848022
                ]
            },
            {
                "begin": 144,
                "end": 158,
                "ner_chunk": "coronary artery",
                "ner_label": "snomed_term",
                "ner_confidence": "0.68165",
                "concept_code": "181294004",
                "resolution": "coronary artery",
                "score": 0.9999998807907104,
                "all_codes": [
                    "181294004",
                    "181294004",
                    "41801008",
                    "119204004",
                    "364092001"
                ],
                "domain_class": [
                    "Body Structure",
                    "Body Structure",
                    "",
                    "",
                    ""
                ],
                "all_resolutions": [
                    "coronary artery",
                    "ca - coronary artery",
                    "coronary artery structure",
                    "coronary artery part",
                    "coronary artery feature"
                ],
                "all_score": [
                    0.9999998807907104,
                    0.8787338733673096,
                    0.8512691259384155,
                    0.8499418497085571,
                    0.8453325629234314
                ]
            },
            {
                "begin": 209,
                "end": 222,
                "ner_chunk": "his chest pain",
                "ner_label": "PROBLEM",
                "ner_confidence": "0.9519666",
                "concept_code": "139228007",
                "resolution": "chest pain",
                "score": 0.8550781011581421,
                "all_codes": [
                    "139228007",
                    "29857009",
                    "59139008",
                    "29857009",
                    "498151000000109"
                ],
                "domain_class": [
                    "",
                    "",
                    "",
                    "Clinical Finding",
                    ""
                ],
                "all_resolutions": [
                    "chest pain",
                    "chest pain",
                    "crushing chest pain",
                    "chest pain, nos",
                    "[d]chest pain"
                ],
                "all_score": [
                    0.8550781011581421,
                    0.8550781011581421,
                    0.8436144590377808,
                    0.8431805372238159,
                    0.8395019769668579
                ]
            },
            {
                "begin": 263,
                "end": 283,
                "ner_chunk": "somewhat intermittent",
                "ner_label": "PROBLEM",
                "ner_confidence": "0.71835",
                "concept_code": "7087005",
                "resolution": "intermittent",
                "score": 0.8606395721435547,
                "all_codes": [
                    "7087005",
                    "224376001",
                    "713568000",
                    "271824009",
                    "14697007"
                ],
                "domain_class": [
                    "",
                    "",
                    "",
                    "",
                    ""
                ],
                "all_resolutions": [
                    "intermittent",
                    "works irregularly",
                    "occasionally tired",
                    "respiration intermittent",
                    "tends to be unstable in affect"
                ],
                "all_score": [
                    0.8606395721435547,
                    0.778349757194519,
                    0.7751602530479431,
                    0.7734686136245728,
                    0.7726600766181946
                ]
            },
            {
                "begin": 379,
                "end": 388,
                "ner_chunk": "chest pain",
                "ner_label": "Symptom",
                "ner_confidence": "0.51765",
                "concept_code": "139228007",
                "resolution": "chest pain",
                "score": 0.9999998211860657,
                "all_codes": [
                    "139228007",
                    "29857009",
                    "239671000000106",
                    "426396005",
                    "498151000000109"
                ],
                "domain_class": [
                    "",
                    "",
                    "",
                    "",
                    ""
                ],
                "all_resolutions": [
                    "chest pain",
                    "chest pain",
                    "cardiac chest pain",
                    "cardiac chest pain",
                    "[d]chest pain"
                ],
                "all_score": [
                    0.9999998211860657,
                    0.9999998211860657,
                    0.9261181950569153,
                    0.9261181950569153,
                    0.9083012938499451
                ]
            }
        ],
        [
            {
                "begin": 79,
                "end": 107,
                "ner_chunk": "a respiratory tract infection",
                "ner_label": "PROBLEM",
                "ner_confidence": "0.87114996",
                "concept_code": "275498002",
                "resolution": "respiratory tract infection",
                "score": 0.8786619901657104,
                "all_codes": [
                    "275498002",
                    "155626002",
                    "707351006",
                    "707351006",
                    "878855001"
                ],
                "domain_class": [
                    "",
                    "",
                    "Clinical Finding",
                    "Clinical Finding",
                    ""
                ],
                "all_resolutions": [
                    "respiratory tract infection",
                    "infection of lower respiratory tract",
                    "institutionally acquired respiratory infection",
                    "respiratory infection, institutional",
                    "education about respiratory tract infection"
                ],
                "all_score": [
                    0.8786619901657104,
                    0.832253098487854,
                    0.8161047101020813,
                    0.8152045011520386,
                    0.8135877847671509
                ]
            },
            {
                "begin": 133,
                "end": 136,
                "ner_chunk": "T2DM",
                "ner_label": "Diabetes",
                "ner_confidence": "0.9779",
                "concept_code": "44054006",
                "resolution": "t2dm - diabetes mellitus type 2",
                "score": 0.8826606869697571,
                "all_codes": [
                    "44054006",
                    "279331000000102",
                    "279321000000104",
                    "279341000000106",
                    "44054006"
                ],
                "domain_class": [
                    "Clinical Finding",
                    "",
                    "",
                    "",
                    ""
                ],
                "all_resolutions": [
                    "t2dm - diabetes mellitus type 2",
                    "diabetes type 2 review",
                    "diabetes type 2 review",
                    "diabetes type 2 review",
                    "type 2 diabetes mellitus"
                ],
                "all_score": [
                    0.8826606869697571,
                    0.7709261178970337,
                    0.7709261178970337,
                    0.7709261178970337,
                    0.7684904932975769
                ]
            },
            {
                "begin": 150,
                "end": 152,
                "ner_chunk": "HTG",
                "ner_label": "Hyperlipidemia",
                "ner_confidence": "0.8938",
                "concept_code": "387407006",
                "resolution": "tg",
                "score": 0.819769561290741,
                "all_codes": [
                    "387407006",
                    "415720002",
                    "278910002",
                    "8203003",
                    "1228854003"
                ],
                "domain_class": [
                    "Substance",
                    "Substance",
                    "Substance",
                    "Substance",
                    "No_Concept_Class"
                ],
                "all_resolutions": [
                    "tg",
                    "tbg",
                    "ahg",
                    "hmg",
                    "hg"
                ],
                "all_score": [
                    0.819769561290741,
                    0.795360267162323,
                    0.784682035446167,
                    0.7800905704498291,
                    0.779866099357605
                ]
            }
        ]
    ]
}