{
    "predictions": [
        {
            "begin": 442,
            "end": 456,
            "ner_chunk": "Her vital signs",
            "ner_label": "Test",
            "ner_confidence": "0.78679997",
            "concept_code": "8716-3",
            "resolution": "vital signs",
            "score": 0.8503159284591675,
            "all_codes": [
                "8716-3",
                "LP139953-6",
                "LP30605-7",
                "8716-3",
                "LP75862-0"
            ],
            "domain_id": [
                "Observation",
                "Observation",
                "Measurement",
                "",
                "Observation"
            ],
            "all_resolutions": [
                "vital signs",
                "vital signs",
                "vital signs",
                "vital signs note",
                "vital signs - acute"
            ],
            "all_score": [
                0.8503159284591675,
                0.8503159284591675,
                0.8503158688545227,
                0.8003305196762085,
                0.781025767326355
            ]
        },
        {
            "begin": 484,
            "end": 505,
            "ner_chunk": "A physical examination",
            "ner_label": "Test",
            "ner_confidence": "0.91120005",
            "concept_code": "LP7801-6",
            "resolution": "physical exam",
            "score": 0.9094180464744568,
            "all_codes": [
                "LP7801-6",
                "LP94385-9",
                "29271-4",
                "LP74050-3",
                "100223-7"
            ],
            "domain_id": [
                "Measurement",
                "Observation",
                "Observation",
                "Observation",
                ""
            ],
            "all_resolutions": [
                "physical exam",
                "physical examination by body areas",
                "eye physical examination",
                "eye physical examination",
                "examination"
            ],
            "all_score": [
                0.9094180464744568,
                0.8629758954048157,
                0.8507089614868164,
                0.8507089614868164,
                0.8407809734344482
            ]
        },
        {
            "begin": 524,
            "end": 541,
            "ner_chunk": "Laboratory studies",
            "ner_label": "Test",
            "ner_confidence": "0.7098",
            "concept_code": "12253-1",
            "resolution": "bs; chemistry.challenge testing; endocrine; endocrinology; gh; growth hormone; hgh; human growth hormone; level; mass concentration; pl; plasma; plsm; point in time; qnt; quan; quant; quantitative; random; serp; serpl; serplas; serum; serum or plasma; somatotropic hormone; sr; sth",
            "score": 0.6846416592597961,
            "all_codes": [
                "12253-1",
                "10872-0",
                "50667-5",
                "97107-7",
                "1547-9"
            ],
            "domain_id": [
                "",
                "",
                "",
                "",
                ""
            ],
            "all_resolutions": [
                "bs; chemistry.challenge testing; endocrine; endocrinology; gh; growth hormone; hgh; human growth hormone; level; mass concentration; pl; plasma; plsm; point in time; qnt; quan; quant; quantitative; random; serp; serpl; serplas; serum; serum or plasma; somatotropic hormone; sr; sth",
                "blood; bs; chemistry.challenge testing; d-xylose; level; mass concentration; point in time; qnt; quan; quant; quantitative; random; wb; whole blood; xylose absorption test",
                "chemistry.challenge testing; endocrine; endocrinology; glu; glu tol; gluc; glucose tolerance; glucoseur; gtt; impression; impression/interpretation of study; impressions; interp; interpretation; narrative; pl; plasma; plsm; point in time; random; report; serp; serpl; serplas; serum; serum or plasma; sr",
                "chemistry; eia; elfa; elisa; endocrine; endocrinology; enzyme immunoassay; fac; fact; fgf-19; hepatology; iaa; level; liver; mass concentration; meia; pl; plasma; plsm; point in time; qnt; quan; quant; quantitative; random; serp; serpl; serplas; serum; serum or plasma; sr; suds",
                "bs; chemistry.challenge testing; endocrine; endocrinology; glu; glu tol; gluc; glucose tolerance; glucoseur; gtt; level; mass concentration; pl; plasma; plsm; point in time; qnt; quan; quant; quantitative; random; serp; serpl; serplas; serum; serum or plasma; sr"
            ],
            "all_score": [
                0.6846416592597961,
                0.6821582317352295,
                0.6818780303001404,
                0.6808785200119019,
                0.6796896457672119
            ]
        },
        {
            "begin": 563,
            "end": 572,
            "ner_chunk": "Hemoglobin",
            "ner_label": "Test",
            "ner_confidence": "0.9994",
            "concept_code": "LP14449-0",
            "resolution": "hemoglobin",
            "score": 0.9999995827674866,
            "all_codes": [
                "LP14449-0",
                "10346-5",
                "109592-6",
                "LP49432-5",
                "LP43135-0"
            ],
            "domain_id": [
                "Observation",
                "",
                "",
                "Measurement",
                "Measurement"
            ],
            "all_resolutions": [
                "hemoglobin",
                "haemoglobin",
                "hemiglobin",
                "hemoglobin | blood venous",
                "hemoglobin | bld-ser-plas"
            ],
            "all_score": [
                0.9999995827674866,
                0.9589883685112,
                0.9433581233024597,
                0.8918702602386475,
                0.8897993564605713
            ]
        },
        {
            "begin": 579,
            "end": 582,
            "ner_chunk": "g/dL",
            "ner_label": "Test",
            "ner_confidence": "0.6455",
            "concept_code": "18286-5",
            "resolution": "dl",
            "score": 0.829473614692688,
            "all_codes": [
                "18286-5",
                "76650-1",
                "43740-0",
                "2367-1",
                "LA19932-5"
            ],
            "domain_id": [
                "",
                "",
                "",
                "",
                "Meas Value"
            ],
            "all_resolutions": [
                "dl",
                "gd",
                "g/i",
                "gld",
                "g/g (wild type)"
            ],
            "all_score": [
                0.829473614692688,
                0.809005856513977,
                0.8026498556137085,
                0.7987964153289795,
                0.7837278842926025
            ]
        },
        {
            "begin": 585,
            "end": 594,
            "ner_chunk": "Hematocrit",
            "ner_label": "Test",
            "ner_confidence": "0.9983",
            "concept_code": "LP15101-6",
            "resolution": "hematocrit",
            "score": 0.9999988079071045,
            "all_codes": [
                "LP15101-6",
                "32354-3",
                "LP45040-0",
                "LP52290-1",
                "LP106437-9"
            ],
            "domain_id": [
                "Observation",
                "",
                "Measurement",
                "Measurement",
                "Measurement"
            ],
            "all_resolutions": [
                "hematocrit",
                "hematocrit, blood",
                "hematocrit | bld-ser-plas",
                "hematocrit | blood venous",
                "hematocrit | stem cell product"
            ],
            "all_score": [
                0.9999988079071045,
                0.9471285343170166,
                0.9460046291351318,
                0.94156813621521,
                0.9407789707183838
            ]
        },
        {
            "begin": 602,
            "end": 624,
            "ner_chunk": "Mean Corpuscular Volume",
            "ner_label": "Test",
            "ner_confidence": "0.7142666",
            "concept_code": "51641-9",
            "resolution": "average; avg; entitic volume; erythrocytes; hematology/cell counts; mscv; point in time; qnt; quan; quant; quantitative; random; red blood cells; red blood corpusles; vol",
            "score": 0.739193320274353,
            "all_codes": [
                "51641-9",
                "48706-6",
                "68402-7",
                "68902-6",
                "96711-7"
            ],
            "domain_id": [
                "",
                "",
                "",
                "",
                ""
            ],
            "all_resolutions": [
                "average; avg; entitic volume; erythrocytes; hematology/cell counts; mscv; point in time; qnt; quan; quant; quantitative; random; red blood cells; red blood corpusles; vol",
                "average; avg; entitic volume; hematology; hematology/cell counts; heme; point in time; qnt; quan; quant; quantitative; random; rmv; vol",
                "#; abs; absolute; absolutes; cnt; count; count/volume; ct; eos; eosin; eosino; eosinophil; eosins; hematology/cell counts; manl; number concentration; number concentration (count/vol); point in time; qnt; quan; quant; quantitative; random; vitf; vitreous fluid; vitreous humor; vitreous humour",
                "#; ?tm; abs; absolute; absolutes; cnt; count; count/volume; ct; discocytes; erthrocyte; erythrocyte; kidney; lm; micro; micros; microscopic; nephrology; number concentration; number concentration (count/vol); qnt; quan; quant; quantitative; rbc; rbcs; red blood cell; red blood cells; red blood corpuscle; red blood corpusles; red cell; red cells; renal; ua; ur; urinalysis; urine sediment; urn; urns",
                "#/area; b/f; bf; bod; bodies; body fluid; body fluid, unsp; discocytes; erthrocyte; erythrocyte; fl; fld; flu; fluid; hematology/cell counts; lm; micro; micros; microscopic; number areic; point in time; qnt; quan; quant; quantitative; random; rbc; rbcs; red blood cell; red blood cells; red blood corpuscle; red blood corpusles; red cell; red cells"
            ],
            "all_score": [
                0.739193320274353,
                0.7362532615661621,
                0.7166575789451599,
                0.7154290676116943,
                0.7140007615089417
            ]
        }
    ]
}